Testing Payment Bridge Connection...

Test 1: Health Check
{
    "success": false,
    "message": "Connection failed: cURL error 60: SSL certificate problem: unable to get local issuer certificate (see https:\/\/curl.haxx.se\/libcurl\/c\/libcurl-errors.html) for https:\/\/slia.lk\/pay-bridge.php"
}

Test 2: Payment Init (Test Mode - LKR 50)
{
    "success": false,
    "message": "Payment initiation failed: cURL error 60: SSL certificate problem: unable to get local issuer certificate (see https:\/\/curl.haxx.se\/libcurl\/c\/libcurl-errors.html) for https:\/\/slia.lk\/pay-bridge.php"
}

